05:27:18 [INFO] KV Cache 日志初始化，路径: ./kv_cache_logs/kv_alloc_20260316_052718.log
05:27:18 [INFO] 
============================================================
[BlockSpaceManager] allocate: seq=0, seq.get_len()=152, free_blocks=1355
05:27:18 [INFO] 
[Coordinator] allocate: req=0, num_tokens=152
05:27:18 [INFO]   [FullAttentionManager] req=0: num_tokens=152, block_size=1280, num_required=1, num_new=1, new_ids=[1355], all_ids=[1355]
05:27:18 [INFO]   [MambaManager] req=0: num_tokens=152, block_size=1280, num_required=1, num_new=1, new_ids=[1354], all_ids=[1354]
05:27:18 [INFO]   [MambaManager] req=0: num_tokens=152, block_size=1280, num_required=1, num_new=1, new_ids=[1353], all_ids=[1353]
05:27:18 [INFO]   [MambaManager] req=0: num_tokens=152, block_size=1280, num_required=1, num_new=1, new_ids=[1352], all_ids=[1352]
05:27:18 [INFO]   [MambaManager] req=0: num_tokens=152, block_size=1280, num_required=1, num_new=1, new_ids=[1351], all_ids=[1351]
05:27:18 [INFO]   [MambaManager] req=0: num_tokens=152, block_size=1280, num_required=1, num_new=1, new_ids=[1350], all_ids=[1350]
05:27:18 [INFO]   [MambaManager] req=0: num_tokens=152, block_size=1280, num_required=1, num_new=1, new_ids=[1349], all_ids=[1349]
05:27:25 [INFO] 
============================================================
[BlockSpaceManager] append_slot: seq=005:27:25 [INFO] 
============================================================
[BlockSpaceManager] append_slot: seq=0, total_tokens=152, free_blocks=1348
05:27:25 [INFO] 
[05:27:26 [INFO] 
============================================================
[BlockSpaceManager] append_slot: seq=0, total_tokens=153, free_blocks=1348
05:27:26 [INFO] 
[Coordinator] remove_skipped: req=0, num_computed=152
05:27:2605:27:26 [INFO] 
======================================05:27:26 [INFO] 
============================================================
[BlockSpaceManager] append_slot: seq=0, total_tokens=154, free_blocks=1348
05:27:26 [INFO] 
[Coordinator] remove_skipped: req=0, num_computed=153
05:27:26 [INFO] 
[Coordinator] allocate: req=0, num_tokens=154
05:27:26 [INFO] 
============================================================
[BlockSpaceManager] append_slot: seq=0, total_tokens=155, free_blocks=1348
05:27:26 [INFO] 
[Coordinator] remove_skipped: req=0, num_computed=154
05:27:26 [INFO] 
[Coordinator] allocate: req=0, num_tokens=155
05:27:27 [INFO] 
============================================================
[BlockSpaceManager] append_slot: seq=0, total_tokens=156, free_blocks=1348
05:27:27 [INFO] 
[Coordinator] remove_skipped: req=0, num_computed=155
05:27:27 [INFO] 
[Coordinator] allocate: req=0, num_tokens=156
05:27:27 [INFO] 
============================================================
[BlockSpaceManager] append_slot: seq=0, total_tokens=157, free_blocks=1348
05:27:27 [INFO] 
[Coordinator] remove_skipped: req=0, num_computed=156
05:27:27 [INFO] 
[Coordinator] allocate: req=0, num_tokens=157
05:27:27 [INFO] 
============================================================
[BlockSpaceManager] append_slot: seq=0, total_tokens=158, free_blocks=1348
05:27:27 [INFO] 
[Coordinator] remove_skipped: req=0, num_computed=157
05:27:27 [INFO] 
[Coordinator] allocate: req=0, num_tokens=158
05:27:28 [INFO] 
============================================================
[BlockSpaceManager] append_slot: seq=0, total_tokens=159, free_blocks=1348
05:27:28 [INFO] 
[Coordinator] remove_skipped: req=0, num_computed=158
05:27:28 [INFO] 
[Coordinator] allocate: req=0, num_tokens=159
05:27:28 [INFO] 
============================================================
[BlockSpaceManager] append_slot: seq=0, total_tokens=160, free_blocks=1348
05:27:28 [INFO] 
[Coordinator] remove_skipped: req=0, num_computed=159
05:27:28 [INFO] 
[Coordinator] allocate: req=0, num_tokens=160
05:27:28 [INFO] 
============================================================
[BlockSpaceManager] append_slot: seq=0, total_tokens=161, free_blocks=1348
05:27:28 [INFO] 
[Coordinator] remove_skipped: req=0, num_computed=160
05:27:28 [INFO] 
[Coordinator] allocate: req=0, num_tokens=161
05:27:29 [INFO] 
============================================================
[BlockSpaceManager] append_slot: seq=0, total_tokens=162, free_blocks=1348
05:27:29 [INFO] 
[Coordinator] remove_skipped: req=0, num_computed=161
05:27:29 [INFO] 
[Coordinator] allocate: req=0, num_tokens=162
05:27:29 [INFO] 
============================================================
[BlockSpaceManager] append_slot: seq=0, total_tokens=163, free_blocks=1348
05:27:29 [INFO] 
[Coordinator] remove_skipped: req=0, num_computed=162
05:27:29 [INFO] 
[Coordinator] allocate: req=0, num_tokens=163
05:27:29 [INFO] 
============================================================
[BlockSpaceManager] append_slot: seq=0, total_tokens=164, free_blocks=1348
05:27:29 [INFO] 
[Coordinator] remove_skipped: req=0, num_computed=163
05:27:29 [INFO] 
[Coordinator] allocate: req=0, num_tokens=164
05:27:29 [INFO] 
============================================================
[BlockSpaceManager] append_slot: seq=0, total_tokens=165, free_blocks=1348
05:27:29 [INFO] 
[Coordinator] remove_skipped: req=0, num_computed=164
05:27:29 [INFO] 
[Coordinator] allocate: req=0, num_tokens=165
05:27:30 [INFO] 
============================================================
[BlockSpaceManager] append_slot: seq=0, total_tokens=166, free_blocks=1348
05:27:30 [INFO] 
[Coordinator] remove_skipped: req=0, num_computed=165
05:27:30 [INFO] 
[Coordinator] allocate: req=0, num_tokens=166
05:27:30 [INFO] 
============================================================
[BlockSpaceManager] append_slot: seq=0, total_tokens=167, free_blocks=1348
05:27:30 [INFO] 
[Coordinator] remove_skipped: req=0, num_computed=166
05:27:30 [INFO] 
[Coordinator] allocate: req=0, num_tokens=167
05:27:30 [INFO] 
============================================================
[BlockSpaceManager] append_slot: seq=0, total_tokens=168, free_blocks=1348
05:27:30 [INFO] 
[Coordinator] remove_skipped: req=0, num_computed=167
05:27:30 [INFO] 
[Coordinator] allocate: req=0, num_tokens=168
05:27:31 [INFO] 
============================================================
[BlockSpaceManager] append_slot: seq=0, total_tokens=169, free_blocks=1348
05:27:31 [INFO] 
[Coordinator] remove_skipped: req=0, num_computed=168
05:27:31 [INFO] 
[Coordinator] allocate: req=0, num_tokens=169
05:27:31 [INFO] 
============================================================
[BlockSpaceManager] append_slot: seq=0, total_tokens=170, free_blocks=1348
05:27:31 [INFO] 
[Coordinator] remove_skipped: req=0, num_computed=169
05:27:31 [INFO] 
[Coordinator] allocate: req=0, num_tokens=170
05:27:31 [INFO] 
============================================================
[BlockSpaceManager] append_slot: seq=0, total_tokens=171, free_blocks=1348
05:27:31 [INFO] 
[Coordinator] remove_skipped: req=0, num_computed=170
05:27:31 [INFO] 
[Coordinator] allocate: req=0, num_tokens=171
05:27:31 [INFO] 
============================================================
[BlockSpaceManager] append_slot: seq=0, total_tokens=172, free_blocks=1348
05:27:31 [INFO] 
[Coordinator] remove_skipped: req=0, num_computed=171
05:27:31 [INFO] 
[Coordinator] allocate: req=0, num_tokens=172
05:27:32 [INFO] 
============================================================
[BlockSpaceManager] append_slot: seq=0, total_tokens=173, free_blocks=1348
05:27:32 [INFO] 
[Coordinator] remove_skipped: req=0, num_computed=172
05:27:32 [INFO] 
[Coordinator] allocate: req=0, num_tokens=173
05:27:32 [INFO] 
============================================================
[BlockSpaceManager] append_slot: seq=0, total_tokens=174, free_blocks=1348
05:27:32 [INFO] 
[Coordinator] remove_skipped: req=0, num_computed=173
05:27:32 [INFO] 
[Coordinator] allocate: req=0, num_tokens=174
05:27:32 [INFO] 
============================================================
[BlockSpaceManager] append_slot: seq=0, total_tokens=175, free_blocks=1348
05:27:32 [INFO] 
[Coordinator] remove_skipped: req=0, num_computed=174
05:27:32 [INFO] 
[Coordinator] allocate: req=0, num_tokens=175
05:27:33 [INFO] 
============================================================
[BlockSpaceManager] append_slot: seq=0, total_tokens=176, free_blocks=1348
05:27:33 [INFO] 
[Coordinator] remove_skipped: req=0, num_computed=175
05:27:33 [INFO] 
[Coordinator] allocate: req=0, num_tokens=176
05:27:33 [INFO] 
============================================================
[BlockSpaceManager] append_slot: seq=0, total_tokens=177, free_blocks=1348
05:27:33 [INFO] 
[Coordinator] remove_skipped: req=0, num_computed=176
05:27:33 [INFO] 
[Coordinator] allocate: req=0, num_tokens=177
05:27:33 [INFO] 
============================================================
[BlockSpaceManager] append_slot: seq=0, total_tokens=178, free_blocks=1348
05:27:33 [INFO] 
[Coordinator] remove_skipped: req=0, num_computed=177
05:27:33 [INFO] 
[Coordinator] allocate: req=0, num_tokens=178
05:27:33 [INFO] 
============================================================
[BlockSpaceManager] append_slot: seq=0, total_tokens=179, free_blocks=1348
05:27:33 [INFO] 
[Coordinator] remove_skipped: req=0, num_computed=178
05:27:33 [INFO] 
[Coordinator] allocate: req=0, num_tokens=179
05:27:34 [INFO] 
============================================================
[BlockSpaceManager] append_slot: seq=0, total_tokens=180, free_blocks=1348
05:27:34 [INFO] 
[Coordinator] remove_skipped: req=0, num_computed=179
05:27:34 [INFO] 
[Coordinator] allocate: req=0, num_tokens=180
05:27:34 [INFO] 
============================================================
[BlockSpaceManager] append_slot: seq=0, total_tokens=181, free_blocks=1348
05:27:34 [INFO] 
[Coordinator] remove_skipped: req=0, num_computed=180
05:27:34 [INFO] 
[Coordinator] allocate: req=0, num_tokens=181
05:27:34 [INFO] 
[BlockSpaceManager] free: seq=0, free_before=1348
05:27:34 [INFO] 
[Coordinator] free: req=0
05:27:34 [INFO] [BlockSpaceManager] free done: free_after=1355
0, num_computed=172
05:27:32 [INFO] 
[Coordinator] allocate: req=0, num_tokens=173
05:27:32 [DEBUG] [Coordinator] get_block_tables: req=0 → [[1355], [1354], [1353], [1352], [1351], [1350], [1349]]
05:27:32 [INFO] 
============================================================
[BlockSpaceManager] append_slot: seq=0, total_tokens=174, free_blocks=1348
05:27:32 [INFO] 
[Coordinator] remove_skipped: req=0, num_computed=173
05:27:32 [INFO] 
[Coordinator] allocate: req=0, num_tokens=174
05:27:32 [DEBUG] [Coordinator] get_block_tables: req=0 → [[1355], [1354], [1353], [1352], [1351], [1350], [1349]]
05:27:32 [INFO] 
============================================================
[BlockSpaceManager] append_slot: seq=0, total_tokens=175, free_blocks=1348
05:27:32 [INFO] 
[Coordinator] remove_skipped: req=0, num_computed=174
05:27:32 [INFO] 
[Coordinator] allocate: req=0, num_tokens=175
05:27:32 [DEBUG] [Coordinator] get_block_tables: req=0 → [[1355], [1354], [1353], [1352], [1351], [1350], [1349]]
05:27:33 [INFO] 
============================================================
[BlockSpaceManager] append_slot: seq=0, total_tokens=176, free_blocks=1348
05:27:33 [INFO] 
[Coordinator] remove_skipped: req=0, num_computed=175
05:27:33 [INFO] 
[Coordinator] allocate: req=0, num_tokens=176
05:27:33 [DEBUG] [Coordinator] get_block_tables: req=0 → [[1355], [1354], [1353], [1352], [1351], [1350], [1349]]
05:27:33 [INFO] 
============================================================
[BlockSpaceManager] append_slot: seq=0, total_tokens=177, free_blocks=1348
05:27:33 [INFO] 
[Coordinator] remove_skipped: req=0, num_computed=176
05:27:33 [INFO] 
[Coordinator] allocate: req=0, num_tokens=177
05:27:33 [DEBUG] [Coordinator] get_block_tables: req=0 → [[1355], [1354], [1353], [1352], [1351], [1350], [1349]]
05:27:33 [INFO] 
============================================================
[BlockSpaceManager] append_slot: seq=0, total_tokens=178, free_blocks=1348
05:27:33 [INFO] 
[Coordinator] remove_skipped: req=0, num_computed=177
05:27:33 [INFO] 
[Coordinator] allocate: req=0, num_tokens=178
05:27:33 [DEBUG] [Coordinator] get_block_tables: req=0 → [[1355], [1354], [1353], [1352], [1351], [1350], [1349]]
05:27:33 [INFO] 
============================================================
[BlockSpaceManager] append_slot: seq=0, total_tokens=179, free_blocks=1348
05:27:33 [INFO] 
[Coordinator] remove_skipped: req=0, num_computed=178
05:27:33 [INFO] 
[Coordinator] allocate: req=0, num_tokens=179
05:27:33 [DEBUG] [Coordinator] get_block_tables: req=0 → [[1355], [1354], [1353], [1352], [1351], [1350], [1349]]
05:27:34 [INFO] 
============================================================
[BlockSpaceManager] append_slot: seq=0, total_tokens=180, free_blocks=1348
05:27:34 [INFO] 
[Coordinator] remove_skipped: req=0, num_computed=179
05:27:34 [INFO] 
[Coordinator] allocate: req=0, num_tokens=180
05:27:34 [DEBUG] [Coordinator] get_block_tables: req=0 → [[1355], [1354], [1353], [1352], [1351], [1350], [1349]]
05:27:34 [INFO] 
============================================================
[BlockSpaceManager] append_slot: seq=0, total_tokens=181, free_blocks=1348
05:27:34 [INFO] 
[Coordinator] remove_skipped: req=0, num_computed=180
05:27:34 [INFO] 
[Coordinator] allocate: req=0, num_tokens=181
05:27:34 [DEBUG] [Coordinator] get_block_tables: req=0 → [[1355], [1354], [1353], [1352], [1351], [1350], [1349]]
05:27:34 [INFO] 
[BlockSpaceManager] free: seq=0, free_before=1348
05:27:34 [INFO] 
[Coordinator] free: req=0
05:27:34 [INFO] [BlockSpaceManager] free done: free_after=1355
