07:45:35 [INFO] KV Cache 日志初始化，路径: ./kv_cache_logs/kv_alloc_20260309_074535.log
07:45:35 [INFO] 
============================================================
[BlockSpaceManager] allocate: seq=0, seq.get_len()=2027, free_blocks=391
07:45:35 [INFO] 
[Coordinator] allocate: req=0, num_tokens=2027
07:45:35 [INFO]   [FullAttentionManager] req=0: num_tokens=2027, block_size=256, num_required=8, num_new=8, new_ids=[384, 385, 386, 387, 388, 389, 390, 391], all_ids=[384, 385, 386, 387, 388, 389, 390, 391]
07:45:35 [INFO]   [SlidingWindowManager] req=0: num_tokens=2027, block_size=256, num_required=8, num_new=8, new_ids=[376, 377, 378, 379, 380, 381, 382, 383], all_ids=[376, 377, 378, 379, 380, 381, 382, 383]
07:45:35 [INFO] 
============================================================
[BlockSpaceManager] append_slot: seq=0, total_tokens=2027, free_blocks=375
07:45:35 [INFO] 
[Coordinator] remove_skipped: req=0, num_computed=2026
07:45:35 [INFO] 
[Coordinator] allocate: req=0, num_tokens=2027
07:45:35 [INFO] 
============================================================
[BlockSpaceManager] append_slot: seq=0, total_tokens=2028, free_blocks=375
07:45:35 [INFO] 
[Coordinator] remove_skipped: req=0, num_computed=2027
07:45:35 [INFO] 
[Coordinator] allocate: req=0, num_tokens=2028
07:45:35 [INFO] 
============================================================
[BlockSpaceManager] append_slot: seq=0, total_tokens=2029, free_blocks=375
07:45:35 [INFO] 
[Coordinator] remove_skipped: req=0, num_computed=2028
07:45:35 [INFO] 
[Coordinator] allocate: req=0, num_tokens=2029
07:45:35 [INFO] 
============================================================
[BlockSpaceManager] append_slot: seq=0, total_tokens=2030, free_blocks=375
07:45:35 [INFO] 
[Coordinator] remove_skipped: req=0, num_computed=2029
07:45:35 [INFO] 
[Coordinator] allocate: req=0, num_tokens=2030
07:45:35 [INFO] 
============================================================
[BlockSpaceManager] append_slot: seq=0, total_tokens=2031, free_blocks=375
07:45:35 [INFO] 
[Coordinator] remove_skipped: req=0, num_computed=2030
07:45:35 [INFO] 
[Coordinator] allocate: req=0, num_tokens=2031
07:45:35 [INFO] 
============================================================
[BlockSpaceManager] append_slot: seq=0, total_tokens=2032, free_blocks=375
07:45:35 [INFO] 
[Coordinator] remove_skipped: req=0, num_computed=2031
07:45:35 [INFO] 
[Coordinator] allocate: req=0, num_tokens=2032
07:45:36 [INFO] 
============================================================
[BlockSpaceManager] append_slot: seq=0, total_tokens=2033, free_blocks=375
07:45:36 [INFO] 
[Coordinator] remove_skipped: req=0, num_computed=2032
07:45:36 [INFO] 
[Coordinator] allocate: req=0, num_tokens=2033
07:45:36 [INFO] 
============================================================
[BlockSpaceManager] append_slot: seq=0, total_tokens=2034, free_blocks=375
07:45:36 [INFO] 
[Coordinator] remove_skipped: req=0, num_computed=2033
07:45:36 [INFO] 
[Coordinator] allocate: req=0, num_tokens=2034
07:45:36 [INFO] 
============================================================
[BlockSpaceManager] append_slot: seq=0, total_tokens=2035, free_blocks=375
07:45:36 [INFO] 
[Coordinator] remove_skipped: req=0, num_computed=2034
07:45:36 [INFO] 
[Coordinator] allocate: req=0, num_tokens=2035
07:45:36 [INFO] 
============================================================
[BlockSpaceManager] append_slot: seq=0, total_tokens=2036, free_blocks=375
07:45:36 [INFO] 
[Coordinator] remove_skipped: req=0, num_computed=2035
07:45:36 [INFO] 
[Coordinator] allocate: req=0, num_tokens=2036
07:45:36 [INFO] 
============================================================
[BlockSpaceManager] append_slot: seq=0, total_tokens=2037, free_blocks=375
07:45:36 [INFO] 
[Coordinator] remove_skipped: req=0, num_computed=2036
07:45:36 [INFO] 
[Coordinator] allocate: req=0, num_tokens=2037
07:45:36 [INFO] 
============================================================
[BlockSpaceManager] append_slot: seq=0, total_tokens=2038, free_blocks=375
07:45:36 [INFO] 
[Coordinator] remove_skipped: req=0, num_computed=2037
07:45:36 [INFO] 
[Coordinator] allocate: req=0, num_tokens=2038
07:45:37 [INFO] 
============================================================
[BlockSpaceManager] append_slot: seq=0, total_tokens=2039, free_blocks=375
07:45:37 [INFO] 
[Coordinator] remove_skipped: req=0, num_computed=2038
07:45:37 [INFO] 
[Coordinator] allocate: req=0, num_tokens=2039
07:45:37 [INFO] 
============================================================
[BlockSpaceManager] append_slot: seq=0, total_tokens=2040, free_blocks=375
07:45:37 [INFO] 
[Coordinator] remove_skipped: req=0, num_computed=2039
07:45:37 [INFO] 
[Coordinator] allocate: req=0, num_tokens=2040
07:45:37 [INFO] 
============================================================
[BlockSpaceManager] append_slot: seq=0, total_tokens=2041, free_blocks=375
07:45:37 [INFO] 
[Coordinator] remove_skipped: req=0, num_computed=2040
07:45:37 [INFO] 
[Coordinator] allocate: req=0, num_tokens=2041
07:45:37 [INFO] 
============================================================
[BlockSpaceManager] append_slot: seq=0, total_tokens=2042, free_blocks=375
07:45:37 [INFO] 
[Coordinator] remove_skipped: req=0, num_computed=2041
07:45:37 [INFO] 
[Coordinator] allocate: req=0, num_tokens=2042
07:45:37 [INFO] 
============================================================
[BlockSpaceManager] append_slot: seq=0, total_tokens=2043, free_blocks=375
07:45:37 [INFO] 
[Coordinator] remove_skipped: req=0, num_computed=2042
07:45:37 [INFO] 
[Coordinator] allocate: req=0, num_tokens=2043
07:45:37 [INFO] 
============================================================
[BlockSpaceManager] append_slot: seq=0, total_tokens=2044, free_blocks=375
07:45:37 [INFO] 
[Coordinator] remove_skipped: req=0, num_computed=2043
07:45:37 [INFO] 
[Coordinator] allocate: req=0, num_tokens=2044
07:45:37 [INFO] 
============================================================
[BlockSpaceManager] append_slot: seq=0, total_tokens=2045, free_blocks=375
07:45:37 [INFO] 
[Coordinator] remove_skipped: req=0, num_computed=2044
07:45:37 [INFO] 
[Coordinator] allocate: req=0, num_tokens=2045
07:45:38 [INFO] 
============================================================
[BlockSpaceManager] append_slot: seq=0, total_tokens=2046, free_blocks=375
07:45:38 [INFO] 
[Coordinator] remove_skipped: req=0, num_computed=2045
07:45:38 [INFO] 
[Coordinator] allocate: req=0, num_tokens=2046
07:45:38 [INFO] 
============================================================
[BlockSpaceManager] append_slot: seq=0, total_tokens=2047, free_blocks=375
07:45:38 [INFO] 
[Coordinator] remove_skipped: req=0, num_computed=2046
07:45:38 [INFO] 
[Coordinator] allocate: req=0, num_tokens=2047
07:45:38 [INFO] 
[BlockSpaceManager] free: seq=0, free_before=375
07:45:38 [INFO] 
[Coordinator] free: req=0
07:45:38 [INFO] [BlockSpaceManager] free done: free_after=391
