07:45:35 [INFO] KV Cache 日志初始化，路径: ./kv_cache_logs/kv_layout_20260309_074535.log
07:45:35 [INFO] 
============================================================
[KVCacheConfigBuilder] 模型层分析:
  总层数: 42
  层类型分布: {'swa': 21, 'trans': 21}
  层序列 (前20): ['swa', 'trans', 'swa', 'trans', 'swa', 'trans', 'swa', 'trans', 'swa', 'trans', 'swa', 'trans', 'swa', 'trans', 'swa', 'trans', 'swa', 'trans', 'swa', 'trans']...
07:45:35 [INFO] 
[KVCacheConfigBuilder] block_size 确定:
  原始 block_size (from cache_config): 256
  调整后 block_size: 256
07:45:35 [INFO] [FullAttentionSpec] page_size_bytes 计算:
  公式: 2 × block_size × num_kv_heads × head_size × dtype_size
  代入: 2 × 256 × 8 × 256 × 2
  结果: 2097152 bytes = 2048.00 KB
07:45:35 [INFO] [FullAttentionSpec] page_size_bytes 计算:
  公式: 2 × block_size × num_kv_heads × head_size × dtype_size
  代入: 2 × 256 × 8 × 256 × 2
  结果: 2097152 bytes = 2048.00 KB
07:45:35 [INFO] [SlidingWindowSpec] page_size_bytes 计算:
  公式: 2 × block_size × num_kv_heads × head_size × dtype_size
  代入: 2 × 256 × 8 × 256 × 2
  sliding_window: 4096
  结果: 2097152 bytes = 2048.00 KB
07:45:35 [INFO] [SlidingWindowSpec] page_size_bytes 计算:
  公式: 2 × block_size × num_kv_heads × head_size × dtype_size
  代入: 2 × 256 × 8 × 256 × 2
  sliding_window: 4096
  结果: 2097152 bytes = 2048.00 KB
07:45:35 [INFO] 
[KVCacheConfigBuilder] KVCacheSpec 汇总:
  [trans] FullAttentionSpec:
    block_size     = 256
    num_kv_heads   = 8
    head_size      = 256
    dtype          = torch.float16
    page_size      = 2097152 bytes = 2048.00 KB
  [swa] SlidingWindowSpec:
    block_size     = 256
    num_kv_heads   = 8
    head_size      = 256
    dtype          = torch.float16
    sliding_window = 4096
    page_size      = 2097152 bytes = 2048.00 KB
07:45:35 [INFO] 
[KVCacheConfigBuilder] 分组算法 (对应 PDF Case2/3):
  各类型层数: {'trans': 21, 'swa': 21}
  group_size = min([21, 21]) = 21
07:45:35 [INFO] [FullAttentionSpec] page_size_bytes 计算:
  公式: 2 × block_size × num_kv_heads × head_size × dtype_size
  代入: 2 × 256 × 8 × 256 × 2
  结果: 2097152 bytes = 2048.00 KB
07:45:35 [INFO] [SlidingWindowSpec] page_size_bytes 计算:
  公式: 2 × block_size × num_kv_heads × head_size × dtype_size
  代入: 2 × 256 × 8 × 256 × 2
  sliding_window: 4096
  结果: 2097152 bytes = 2048.00 KB
07:45:35 [INFO] 
[KVCacheConfigBuilder] 最终 KVCacheGroup 划分:
  group[0] (FullAttentionSpec):
    层数: 21 (真实=21, padding=0)
    真实层: ['model.layers.1.self_attn', 'model.layers.3.self_attn', 'model.layers.5.self_attn', 'model.layers.7.self_attn', 'model.layers.9.self_attn', 'model.layers.11.self_attn', 'model.layers.13.self_attn', 'model.layers.15.self_attn', 'model.layers.17.self_attn', 'model.layers.19.self_attn', 'model.layers.21.self_attn', 'model.layers.23.self_attn', 'model.layers.25.self_attn', 'model.layers.27.self_attn', 'model.layers.29.self_attn', 'model.layers.31.self_attn', 'model.layers.33.self_attn', 'model.layers.35.self_attn', 'model.layers.37.self_attn', 'model.layers.39.self_attn', 'model.layers.41.self_attn']
    page_size: 2097152 bytes
  group[1] (SlidingWindowSpec):
    层数: 21 (真实=21, padding=0)
    真实层: ['model.layers.0.self_attn', 'model.layers.2.self_attn', 'model.layers.4.self_attn', 'model.layers.6.self_attn', 'model.layers.8.self_attn', 'model.layers.10.self_attn', 'model.layers.12.self_attn', 'model.layers.14.self_attn', 'model.layers.16.self_attn', 'model.layers.18.self_attn', 'model.layers.20.self_attn', 'model.layers.22.self_attn', 'model.layers.24.self_attn', 'model.layers.26.self_attn', 'model.layers.28.self_attn', 'model.layers.30.self_attn', 'model.layers.32.self_attn', 'model.layers.34.self_attn', 'model.layers.36.self_attn', 'model.layers.38.self_attn', 'model.layers.40.self_attn']
    page_size: 2097152 bytes

  总 group 数: 2
  总 padding 槽: 0
  num_blocks: 392
============================================================
