07:45:34 [INFO] KV Cache 日志初始化，路径: ./kv_cache_logs/kv_layout_20260309_074534.log
07:45:34 [INFO] 
============================================================
[KVCacheConfigBuilder] 模型层分析:
  总层数: 42
  层类型分布: {'swa': 21, 'trans': 21}
  层序列 (前20): ['swa', 'trans', 'swa', 'trans', 'swa', 'trans', 'swa', 'trans', 'swa', 'trans', 'swa', 'trans', 'swa', 'trans', 'swa', 'trans', 'swa', 'trans', 'swa', 'trans']...
07:45:34 [INFO] 
[KVCacheConfigBuilder] block_size 确定:
  原始 block_size (from cache_config): 256
  调整后 block_size: 256
07:45:34 [INFO] [SlidingWindowSpec] page_size_bytes 计算:
  公式: 2 × block_size × num_kv_heads × head_size × dtype_size
  代入: 2 × 256 × 8 × 256 × 2
  sliding_window: 4096
  结果: 2097152 bytes = 2048.00 KB
07:45:34 [INFO] [SlidingWindowSpec] page_size_bytes 计算:
  公式: 2 × block_size × num_kv_heads × head_size × dtype_size
  代入: 2 × 256 × 8 × 256 × 2
  sliding_window: 4096
  结果: 2097152 bytes = 2048.00 KB
07:45:34 [INFO] [FullAttentionSpec] page_size_bytes 计算:
  公式: 2 × block_size × num_kv_heads × head_size × dtype_size
  代入: 2 × 256 × 8 × 256 × 2
  结果: 2097152 bytes = 2048.00 KB
07:45:34 [INFO] [FullAttentionSpec] page_size_bytes 计算:
  公式: 2 × block_size × num_kv_heads × head_size × dtype_size
  代入: 2 × 256 × 8 × 256 × 2
  结果: 2097152 bytes = 2048.00 KB
07:45:34 [INFO] 
[KVCacheConfigBuilder] KVCacheSpec 汇总:
  [swa] SlidingWindowSpec:
    block_size     = 256
    num_kv_heads   = 8
    head_size      = 256
    dtype          = torch.float16
    sliding_window = 4096
    page_size      = 2097152 bytes = 2048.00 KB
  [trans] FullAttentionSpec:
    block_size     = 256
    num_kv_heads   = 8
    head_size      = 256
    dtype          = torch.float16
    page_size      = 2097152 bytes = 2048.00 KB
07:45:34 [INFO] 
[KVCacheConfigBuilder] 分组算法 (对应 PDF Case2/3):
  各类型层数: {'swa': 21, 'trans': 21}
  group_size = min([21, 21]) = 21
07:45:34 [INFO] [FullAttentionSpec] page_size_bytes 计算:
  公式: 2 × block_size × num_kv_heads × head_size × dtype_size
  代入: 2 × 256 × 8 × 256 × 2
  结果: 2097152 bytes = 2048.00 KB
07:45:34 [INFO] [SlidingWindowSpec] page_size_bytes 计算:
  公式: 2 × block_size × num_kv_heads × head_size × dtype_size
  代入: 2 × 256 × 8 × 256 × 2
  sliding_window: 4096
  结果: 2097152 bytes = 2048.00 KB
07:45:34 [INFO] 
[KVCacheConfigBuilder] 最终 KVCacheGroup 划分:
  group[0] (FullAttentionSpec):
    层数: 21 (真实=21, padding=0)
    真实层: ['model.layers.1.self_attn', 'model.layers.3.self_attn', 'model.layers.5.self_attn', 'model.layers.7.self_attn', 'model.layers.9.self_attn', 'model.layers.11.self_attn', 'model.layers.13.self_attn', 'model.layers.15.self_attn', 'model.layers.17.self_attn', 'model.layers.19.self_attn', 'model.layers.21.self_attn', 'model.layers.23.self_attn', 'model.layers.25.self_attn', 'model.layers.27.self_attn', 'model.layers.29.self_attn', 'model.layers.31.self_attn', 'model.layers.33.self_attn', 'model.layers.35.self_attn', 'model.layers.37.self_attn', 'model.layers.39.self_attn', 'model.layers.41.self_attn']
    page_size: 2097152 bytes
  group[1] (SlidingWindowSpec):
    层数: 21 (真实=21, padding=0)
    真实层: ['model.layers.0.self_attn', 'model.layers.2.self_attn', 'model.layers.4.self_attn', 'model.layers.6.self_attn', 'model.layers.8.self_attn', 'model.layers.10.self_attn', 'model.layers.12.self_attn', 'model.layers.14.self_attn', 'model.layers.16.self_attn', 'model.layers.18.self_attn', 'model.layers.20.self_attn', 'model.layers.22.self_attn', 'model.layers.24.self_attn', 'model.layers.26.self_attn', 'model.layers.28.self_attn', 'model.layers.30.self_attn', 'model.layers.32.self_attn', 'model.layers.34.self_attn', 'model.layers.36.self_attn', 'model.layers.38.self_attn', 'model.layers.40.self_attn']
    page_size: 2097152 bytes

  总 group 数: 2
  总 padding 槽: 0
  num_blocks: 1
============================================================
07:45:34 [INFO] [FullAttentionSpec] page_size_bytes 计算:
  公式: 2 × block_size × num_kv_heads × head_size × dtype_size
  代入: 2 × 256 × 8 × 256 × 2
  结果: 2097152 bytes = 2048.00 KB
07:45:34 [INFO] [SlidingWindowSpec] page_size_bytes 计算:
  公式: 2 × block_size × num_kv_heads × head_size × dtype_size
  代入: 2 × 256 × 8 × 256 × 2
  sliding_window: 4096
  结果: 2097152 bytes = 2048.00 KB
07:45:34 [INFO] 
============================================================
[KVCacheConfigBuilder] 模型层分析:
  总层数: 42
  层类型分布: {'swa': 21, 'trans': 21}
  层序列 (前20): ['swa', 'trans', 'swa', 'trans', 'swa', 'trans', 'swa', 'trans', 'swa', 'trans', 'swa', 'trans', 'swa', 'trans', 'swa', 'trans', 'swa', 'trans', 'swa', 'trans']...
07:45:34 [INFO] 
[KVCacheConfigBuilder] block_size 确定:
  原始 block_size (from cache_config): 256
  调整后 block_size: 256
07:45:34 [INFO] [SlidingWindowSpec] page_size_bytes 计算:
  公式: 2 × block_size × num_kv_heads × head_size × dtype_size
  代入: 2 × 256 × 8 × 256 × 2
  sliding_window: 4096
  结果: 2097152 bytes = 2048.00 KB
07:45:34 [INFO] [SlidingWindowSpec] page_size_bytes 计算:
  公式: 2 × block_size × num_kv_heads × head_size × dtype_size
  代入: 2 × 256 × 8 × 256 × 2
  sliding_window: 4096
  结果: 2097152 bytes = 2048.00 KB
07:45:34 [INFO] [FullAttentionSpec] page_size_bytes 计算:
  公式: 2 × block_size × num_kv_heads × head_size × dtype_size
  代入: 2 × 256 × 8 × 256 × 2
  结果: 2097152 bytes = 2048.00 KB
07:45:34 [INFO] [FullAttentionSpec] page_size_bytes 计算:
  公式: 2 × block_size × num_kv_heads × head_size × dtype_size
  代入: 2 × 256 × 8 × 256 × 2
  结果: 2097152 bytes = 2048.00 KB
07:45:34 [INFO] 
[KVCacheConfigBuilder] KVCacheSpec 汇总:
  [swa] SlidingWindowSpec:
    block_size     = 256
    num_kv_heads   = 8
    head_size      = 256
    dtype          = torch.float16
    sliding_window = 4096
    page_size      = 2097152 bytes = 2048.00 KB
  [trans] FullAttentionSpec:
    block_size     = 256
    num_kv_heads   = 8
    head_size      = 256
    dtype          = torch.float16
    page_size      = 2097152 bytes = 2048.00 KB
07:45:34 [INFO] 
[KVCacheConfigBuilder] 分组算法 (对应 PDF Case2/3):
  各类型层数: {'swa': 21, 'trans': 21}
  group_size = min([21, 21]) = 21
07:45:34 [INFO] [FullAttentionSpec] page_size_bytes 计算:
  公式: 2 × block_size × num_kv_heads × head_size × dtype_size
  代入: 2 × 256 × 8 × 256 × 2
  结果: 2097152 bytes = 2048.00 KB
07:45:34 [INFO] [SlidingWindowSpec] page_size_bytes 计算:
  公式: 2 × block_size × num_kv_heads × head_size × dtype_size
  代入: 2 × 256 × 8 × 256 × 2
  sliding_window: 4096
  结果: 2097152 bytes = 2048.00 KB
07:45:34 [INFO] 
[KVCacheConfigBuilder] 最终 KVCacheGroup 划分:
  group[0] (FullAttentionSpec):
    层数: 21 (真实=21, padding=0)
    真实层: ['model.layers.1.self_attn', 'model.layers.3.self_attn', 'model.layers.5.self_attn', 'model.layers.7.self_attn', 'model.layers.9.self_attn', 'model.layers.11.self_attn', 'model.layers.13.self_attn', 'model.layers.15.self_attn', 'model.layers.17.self_attn', 'model.layers.19.self_attn', 'model.layers.21.self_attn', 'model.layers.23.self_attn', 'model.layers.25.self_attn', 'model.layers.27.self_attn', 'model.layers.29.self_attn', 'model.layers.31.self_attn', 'model.layers.33.self_attn', 'model.layers.35.self_attn', 'model.layers.37.self_attn', 'model.layers.39.self_attn', 'model.layers.41.self_attn']
    page_size: 2097152 bytes
  group[1] (SlidingWindowSpec):
    层数: 21 (真实=21, padding=0)
    真实层: ['model.layers.0.self_attn', 'model.layers.2.self_attn', 'model.layers.4.self_attn', 'model.layers.6.self_attn', 'model.layers.8.self_attn', 'model.layers.10.self_attn', 'model.layers.12.self_attn', 'model.layers.14.self_attn', 'model.layers.16.self_attn', 'model.layers.18.self_attn', 'model.layers.20.self_attn', 'model.layers.22.self_attn', 'model.layers.24.self_attn', 'model.layers.26.self_attn', 'model.layers.28.self_attn', 'model.layers.30.self_attn', 'model.layers.32.self_attn', 'model.layers.34.self_attn', 'model.layers.36.self_attn', 'model.layers.38.self_attn', 'model.layers.40.self_attn']
    page_size: 2097152 bytes

  总 group 数: 2
  总 padding 槽: 0
  num_blocks: 392
============================================================
07:45:34 [INFO] [FullAttentionSpec] page_size_bytes 计算:
  公式: 2 × block_size × num_kv_heads × head_size × dtype_size
  代入: 2 × 256 × 8 × 256 × 2
  结果: 2097152 bytes = 2048.00 KB
07:45:34 [INFO] [SlidingWindowSpec] page_size_bytes 计算:
  公式: 2 × block_size × num_kv_heads × head_size × dtype_size
  代入: 2 × 256 × 8 × 256 × 2
  sliding_window: 4096
  结果: 2097152 bytes = 2048.00 KB
07:45:34 [INFO] [FullAttentionSpec] page_size_bytes 计算:
  公式: 2 × block_size × num_kv_heads × head_size × dtype_size
  代入: 2 × 256 × 8 × 256 × 2
  结果: 2097152 bytes = 2048.00 KB
07:45:34 [INFO] [SlidingWindowSpec] page_size_bytes 计算:
  公式: 2 × block_size × num_kv_heads × head_size × dtype_size
  代入: 2 × 256 × 8 × 256 × 2
  sliding_window: 4096
  结果: 2097152 bytes = 2048.00 KB
07:45:34 [INFO] [FullAttentionSpec] page_size_bytes 计算:
  公式: 2 × block_size × num_kv_heads × head_size × dtype_size
  代入: 2 × 256 × 8 × 256 × 2
  结果: 2097152 bytes = 2048.00 KB
07:45:34 [INFO] [SlidingWindowSpec] page_size_bytes 计算:
  公式: 2 × block_size × num_kv_heads × head_size × dtype_size
  代入: 2 × 256 × 8 × 256 × 2
  sliding_window: 4096
  结果: 2097152 bytes = 2048.00 KB
07:45:34 [INFO] 
============================================================
[HybridCacheEngine] GPU 缓冲区规划:
  num_blocks (逻辑 block 总数): 392
  group_size (= m, raw buffer 数量): 21
  num_groups (= n): 2

  各 group 的 page_size:
    group[0] (FullAttentionSpec): 2097152 bytes = 2048.00 KB
    group[1] (SlidingWindowSpec): 2097152 bytes = 2048.00 KB

  padded_page_size = max(上述) = 2097152 bytes = 2048.00 KB
  raw_size (每个 buffer) = num_blocks × padded_page_size = 392 × 2097152 = 822083584 bytes = 784.00 MB
  总 GPU 占用 = m × raw_size = 21 × 784.00 MB = 16464.00 MB
07:45:35 [INFO] 
  raw_buffers 分配完成:
    raw_buffer[0]: shape=torch.Size([822083584]), dtype=torch.int8, device=cuda:3, size=784.00 MB
    raw_buffer[1]: shape=torch.Size([822083584]), dtype=torch.int8, device=cuda:3, size=784.00 MB
    raw_buffer[2]: shape=torch.Size([822083584]), dtype=torch.int8, device=cuda:3, size=784.00 MB
    raw_buffer[3]: shape=torch.Size([822083584]), dtype=torch.int8, device=cuda:3, size=784.00 MB
    raw_buffer[4]: shape=torch.Size([822083584]), dtype=torch.int8, device=cuda:3, size=784.00 MB
    raw_buffer[5]: shape=torch.Size([822083584]), dtype=torch.int8, device=cuda:3, size=784.00 MB
    raw_buffer[6]: shape=torch.Size([822083584]), dtype=torch.int8, device=cuda:3, size=784.00 MB
    raw_buffer[7]: shape=torch.Size([822083584]), dtype=torch.int8, device=cuda:3, size=784.00 MB
    raw_buffer[8]: shape=torch.Size([822083584]), dtype=torch.int8, device=cuda:3, size=784.00 MB
    raw_buffer[9]: shape=torch.Size([822083584]), dtype=torch.int8, device=cuda:3, size=784.00 MB
    raw_buffer[10]: shape=torch.Size([822083584]), dtype=torch.int8, device=cuda:3, size=784.00 MB
    raw_buffer[11]: shape=torch.Size([822083584]), dtype=torch.int8, device=cuda:3, size=784.00 MB
    raw_buffer[12]: shape=torch.Size([822083584]), dtype=torch.int8, device=cuda:3, size=784.00 MB
    raw_buffer[13]: shape=torch.Size([822083584]), dtype=torch.int8, device=cuda:3, size=784.00 MB
    raw_buffer[14]: shape=torch.Size([822083584]), dtype=torch.int8, device=cuda:3, size=784.00 MB
    raw_buffer[15]: shape=torch.Size([822083584]), dtype=torch.int8, device=cuda:3, size=784.00 MB
    raw_buffer[16]: shape=torch.Size([822083584]), dtype=torch.int8, device=cuda:3, size=784.00 MB
    raw_buffer[17]: shape=torch.Size([822083584]), dtype=torch.int8, device=cuda:3, size=784.00 MB
    raw_buffer[18]: shape=torch.Size([822083584]), dtype=torch.int8, device=cuda:3, size=784.00 MB
    raw_buffer[19]: shape=torch.Size([822083584]), dtype=torch.int8, device=cuda:3, size=784.00 MB
    raw_buffer[20]: shape=torch.Size([822083584]), dtype=torch.int8, device=cuda:3, size=784.00 MB
07:45:35 [INFO] 
  group[0] (FullAttentionSpec) 视图创建:
    block_stride = padded_page_size / dtype_size
    buffer[0] → 层'model.layers.1.self_attn':
      k_cache: shape=(392, 256, 8, 256), dtype=torch.float16, stride=(1048576, 2048, 256, 1)
      v_cache: shape=(392, 256, 8, 256), dtype=torch.float16, stride=(1048576, 2048, 256, 1)
      k[block_id=0] 物理偏移: 0 bytes
      v[block_id=0] 物理偏移: 1048576 bytes
    buffer[1] → 层'model.layers.3.self_attn':
      k_cache: shape=(392, 256, 8, 256), dtype=torch.float16, stride=(1048576, 2048, 256, 1)
      v_cache: shape=(392, 256, 8, 256), dtype=torch.float16, stride=(1048576, 2048, 256, 1)
      k[block_id=0] 物理偏移: 0 bytes
      v[block_id=0] 物理偏移: 1048576 bytes
    buffer[2] → 层'model.layers.5.self_attn':
      k_cache: shape=(392, 256, 8, 256), dtype=torch.float16, stride=(1048576, 2048, 256, 1)
      v_cache: shape=(392, 256, 8, 256), dtype=torch.float16, stride=(1048576, 2048, 256, 1)
      k[block_id=0] 物理偏移: 0 bytes
      v[block_id=0] 物理偏移: 1048576 bytes
    buffer[3] → 层'model.layers.7.self_attn':
      k_cache: shape=(392, 256, 8, 256), dtype=torch.float16, stride=(1048576, 2048, 256, 1)
      v_cache: shape=(392, 256, 8, 256), dtype=torch.float16, stride=(1048576, 2048, 256, 1)
      k[block_id=0] 物理偏移: 0 bytes
      v[block_id=0] 物理偏移: 1048576 bytes
    buffer[4] → 层'model.layers.9.self_attn':
      k_cache: shape=(392, 256, 8, 256), dtype=torch.float16, stride=(1048576, 2048, 256, 1)
      v_cache: shape=(392, 256, 8, 256), dtype=torch.float16, stride=(1048576, 2048, 256, 1)
      k[block_id=0] 物理偏移: 0 bytes
      v[block_id=0] 物理偏移: 1048576 bytes
    buffer[5] → 层'model.layers.11.self_attn':
      k_cache: shape=(392, 256, 8, 256), dtype=torch.float16, stride=(1048576, 2048, 256, 1)
      v_cache: shape=(392, 256, 8, 256), dtype=torch.float16, stride=(1048576, 2048, 256, 1)
      k[block_id=0] 物理偏移: 0 bytes
      v[block_id=0] 物理偏移: 1048576 bytes
    buffer[6] → 层'model.layers.13.self_attn':
      k_cache: shape=(392, 256, 8, 256), dtype=torch.float16, stride=(1048576, 2048, 256, 1)
      v_cache: shape=(392, 256, 8, 256), dtype=torch.float16, stride=(1048576, 2048, 256, 1)
      k[block_id=0] 物理偏移: 0 bytes
      v[block_id=0] 物理偏移: 1048576 bytes
    buffer[7] → 层'model.layers.15.self_attn':
      k_cache: shape=(392, 256, 8, 256), dtype=torch.float16, stride=(1048576, 2048, 256, 1)
      v_cache: shape=(392, 256, 8, 256), dtype=torch.float16, stride=(1048576, 2048, 256, 1)
      k[block_id=0] 物理偏移: 0 bytes
      v[block_id=0] 物理偏移: 1048576 bytes
    buffer[8] → 层'model.layers.17.self_attn':
      k_cache: shape=(392, 256, 8, 256), dtype=torch.float16, stride=(1048576, 2048, 256, 1)
      v_cache: shape=(392, 256, 8, 256), dtype=torch.float16, stride=(1048576, 2048, 256, 1)
      k[block_id=0] 物理偏移: 0 bytes
      v[block_id=0] 物理偏移: 1048576 bytes
    buffer[9] → 层'model.layers.19.self_attn':
      k_cache: shape=(392, 256, 8, 256), dtype=torch.float16, stride=(1048576, 2048, 256, 1)
      v_cache: shape=(392, 256, 8, 256), dtype=torch.float16, stride=(1048576, 2048, 256, 1)
      k[block_id=0] 物理偏移: 0 bytes
      v[block_id=0] 物理偏移: 1048576 bytes
    buffer[10] → 层'model.layers.21.self_attn':
      k_cache: shape=(392, 256, 8, 256), dtype=torch.float16, stride=(1048576, 2048, 256, 1)
      v_cache: shape=(392, 256, 8, 256), dtype=torch.float16, stride=(1048576, 2048, 256, 1)
      k[block_id=0] 物理偏移: 0 bytes
      v[block_id=0] 物理偏移: 1048576 bytes
    buffer[11] → 层'model.layers.23.self_attn':
      k_cache: shape=(392, 256, 8, 256), dtype=torch.float16, stride=(1048576, 2048, 256, 1)
      v_cache: shape=(392, 256, 8, 256), dtype=torch.float16, stride=(1048576, 2048, 256, 1)
      k[block_id=0] 物理偏移: 0 bytes
      v[block_id=0] 物理偏移: 1048576 bytes
    buffer[12] → 层'model.layers.25.self_attn':
      k_cache: shape=(392, 256, 8, 256), dtype=torch.float16, stride=(1048576, 2048, 256, 1)
      v_cache: shape=(392, 256, 8, 256), dtype=torch.float16, stride=(1048576, 2048, 256, 1)
      k[block_id=0] 物理偏移: 0 bytes
      v[block_id=0] 物理偏移: 1048576 bytes
    buffer[13] → 层'model.layers.27.self_attn':
      k_cache: shape=(392, 256, 8, 256), dtype=torch.float16, stride=(1048576, 2048, 256, 1)
      v_cache: shape=(392, 256, 8, 256), dtype=torch.float16, stride=(1048576, 2048, 256, 1)
      k[block_id=0] 物理偏移: 0 bytes
      v[block_id=0] 物理偏移: 1048576 bytes
    buffer[14] → 层'model.layers.29.self_attn':
      k_cache: shape=(392, 256, 8, 256), dtype=torch.float16, stride=(1048576, 2048, 256, 1)
      v_cache: shape=(392, 256, 8, 256), dtype=torch.float16, stride=(1048576, 2048, 256, 1)
      k[block_id=0] 物理偏移: 0 bytes
      v[block_id=0] 物理偏移: 1048576 bytes
    buffer[15] → 层'model.layers.31.self_attn':
      k_cache: shape=(392, 256, 8, 256), dtype=torch.float16, stride=(1048576, 2048, 256, 1)
      v_cache: shape=(392, 256, 8, 256), dtype=torch.float16, stride=(1048576, 2048, 256, 1)
      k[block_id=0] 物理偏移: 0 bytes
      v[block_id=0] 物理偏移: 1048576 bytes
    buffer[16] → 层'model.layers.33.self_attn':
      k_cache: shape=(392, 256, 8, 256), dtype=torch.float16, stride=(1048576, 2048, 256, 1)
      v_cache: shape=(392, 256, 8, 256), dtype=torch.float16, stride=(1048576, 2048, 256, 1)
      k[block_id=0] 物理偏移: 0 bytes
      v[block_id=0] 物理偏移: 1048576 bytes
    buffer[17] → 层'model.layers.35.self_attn':
      k_cache: shape=(392, 256, 8, 256), dtype=torch.float16, stride=(1048576, 2048, 256, 1)
      v_cache: shape=(392, 256, 8, 256), dtype=torch.float16, stride=(1048576, 2048, 256, 1)
      k[block_id=0] 物理偏移: 0 bytes
      v[block_id=0] 物理偏移: 1048576 bytes
    buffer[18] → 层'model.layers.37.self_attn':
      k_cache: shape=(392, 256, 8, 256), dtype=torch.float16, stride=(1048576, 2048, 256, 1)
      v_cache: shape=(392, 256, 8, 256), dtype=torch.float16, stride=(1048576, 2048, 256, 1)
      k[block_id=0] 物理偏移: 0 bytes
      v[block_id=0] 物理偏移: 1048576 bytes
    buffer[19] → 层'model.layers.39.self_attn':
      k_cache: shape=(392, 256, 8, 256), dtype=torch.float16, stride=(1048576, 2048, 256, 1)
      v_cache: shape=(392, 256, 8, 256), dtype=torch.float16, stride=(1048576, 2048, 256, 1)
      k[block_id=0] 物理偏移: 0 bytes
      v[block_id=0] 物理偏移: 1048576 bytes
    buffer[20] → 层'model.layers.41.self_attn':
      k_cache: shape=(392, 256, 8, 256), dtype=torch.float16, stride=(1048576, 2048, 256, 1)
      v_cache: shape=(392, 256, 8, 256), dtype=torch.float16, stride=(1048576, 2048, 256, 1)
      k[block_id=0] 物理偏移: 0 bytes
      v[block_id=0] 物理偏移: 1048576 bytes
07:45:35 [INFO] 
  group[1] (SlidingWindowSpec) 视图创建:
    block_stride = padded_page_size / dtype_size
    buffer[0] → 层'model.layers.0.self_attn':
      k_cache: shape=(392, 256, 8, 256), dtype=torch.float16, stride=(1048576, 2048, 256, 1)
      v_cache: shape=(392, 256, 8, 256), dtype=torch.float16, stride=(1048576, 2048, 256, 1)
      k[block_id=0] 物理偏移: 0 bytes
      v[block_id=0] 物理偏移: 1048576 bytes
    buffer[1] → 层'model.layers.2.self_attn':
      k_cache: shape=(392, 256, 8, 256), dtype=torch.float16, stride=(1048576, 2048, 256, 1)
      v_cache: shape=(392, 256, 8, 256), dtype=torch.float16, stride=(1048576, 2048, 256, 1)
      k[block_id=0] 物理偏移: 0 bytes
      v[block_id=0] 物理偏移: 1048576 bytes
    buffer[2] → 层'model.layers.4.self_attn':
      k_cache: shape=(392, 256, 8, 256), dtype=torch.float16, stride=(1048576, 2048, 256, 1)
      v_cache: shape=(392, 256, 8, 256), dtype=torch.float16, stride=(1048576, 2048, 256, 1)
      k[block_id=0] 物理偏移: 0 bytes
      v[block_id=0] 物理偏移: 1048576 bytes
    buffer[3] → 层'model.layers.6.self_attn':
      k_cache: shape=(392, 256, 8, 256), dtype=torch.float16, stride=(1048576, 2048, 256, 1)
      v_cache: shape=(392, 256, 8, 256), dtype=torch.float16, stride=(1048576, 2048, 256, 1)
      k[block_id=0] 物理偏移: 0 bytes
      v[block_id=0] 物理偏移: 1048576 bytes
    buffer[4] → 层'model.layers.8.self_attn':
      k_cache: shape=(392, 256, 8, 256), dtype=torch.float16, stride=(1048576, 2048, 256, 1)
      v_cache: shape=(392, 256, 8, 256), dtype=torch.float16, stride=(1048576, 2048, 256, 1)
      k[block_id=0] 物理偏移: 0 bytes
      v[block_id=0] 物理偏移: 1048576 bytes
    buffer[5] → 层'model.layers.10.self_attn':
      k_cache: shape=(392, 256, 8, 256), dtype=torch.float16, stride=(1048576, 2048, 256, 1)
      v_cache: shape=(392, 256, 8, 256), dtype=torch.float16, stride=(1048576, 2048, 256, 1)
      k[block_id=0] 物理偏移: 0 bytes
      v[block_id=0] 物理偏移: 1048576 bytes
    buffer[6] → 层'model.layers.12.self_attn':
      k_cache: shape=(392, 256, 8, 256), dtype=torch.float16, stride=(1048576, 2048, 256, 1)
      v_cache: shape=(392, 256, 8, 256), dtype=torch.float16, stride=(1048576, 2048, 256, 1)
      k[block_id=0] 物理偏移: 0 bytes
      v[block_id=0] 物理偏移: 1048576 bytes
    buffer[7] → 层'model.layers.14.self_attn':
      k_cache: shape=(392, 256, 8, 256), dtype=torch.float16, stride=(1048576, 2048, 256, 1)
      v_cache: shape=(392, 256, 8, 256), dtype=torch.float16, stride=(1048576, 2048, 256, 1)
      k[block_id=0] 物理偏移: 0 bytes
      v[block_id=0] 物理偏移: 1048576 bytes
    buffer[8] → 层'model.layers.16.self_attn':
      k_cache: shape=(392, 256, 8, 256), dtype=torch.float16, stride=(1048576, 2048, 256, 1)
      v_cache: shape=(392, 256, 8, 256), dtype=torch.float16, stride=(1048576, 2048, 256, 1)
      k[block_id=0] 物理偏移: 0 bytes
      v[block_id=0] 物理偏移: 1048576 bytes
    buffer[9] → 层'model.layers.18.self_attn':
      k_cache: shape=(392, 256, 8, 256), dtype=torch.float16, stride=(1048576, 2048, 256, 1)
      v_cache: shape=(392, 256, 8, 256), dtype=torch.float16, stride=(1048576, 2048, 256, 1)
      k[block_id=0] 物理偏移: 0 bytes
      v[block_id=0] 物理偏移: 1048576 bytes
    buffer[10] → 层'model.layers.20.self_attn':
      k_cache: shape=(392, 256, 8, 256), dtype=torch.float16, stride=(1048576, 2048, 256, 1)
      v_cache: shape=(392, 256, 8, 256), dtype=torch.float16, stride=(1048576, 2048, 256, 1)
      k[block_id=0] 物理偏移: 0 bytes
      v[block_id=0] 物理偏移: 1048576 bytes
    buffer[11] → 层'model.layers.22.self_attn':
      k_cache: shape=(392, 256, 8, 256), dtype=torch.float16, stride=(1048576, 2048, 256, 1)
      v_cache: shape=(392, 256, 8, 256), dtype=torch.float16, stride=(1048576, 2048, 256, 1)
      k[block_id=0] 物理偏移: 0 bytes
      v[block_id=0] 物理偏移: 1048576 bytes
    buffer[12] → 层'model.layers.24.self_attn':
      k_cache: shape=(392, 256, 8, 256), dtype=torch.float16, stride=(1048576, 2048, 256, 1)
      v_cache: shape=(392, 256, 8, 256), dtype=torch.float16, stride=(1048576, 2048, 256, 1)
      k[block_id=0] 物理偏移: 0 bytes
      v[block_id=0] 物理偏移: 1048576 bytes
    buffer[13] → 层'model.layers.26.self_attn':
      k_cache: shape=(392, 256, 8, 256), dtype=torch.float16, stride=(1048576, 2048, 256, 1)
      v_cache: shape=(392, 256, 8, 256), dtype=torch.float16, stride=(1048576, 2048, 256, 1)
      k[block_id=0] 物理偏移: 0 bytes
      v[block_id=0] 物理偏移: 1048576 bytes
    buffer[14] → 层'model.layers.28.self_attn':
      k_cache: shape=(392, 256, 8, 256), dtype=torch.float16, stride=(1048576, 2048, 256, 1)
      v_cache: shape=(392, 256, 8, 256), dtype=torch.float16, stride=(1048576, 2048, 256, 1)
      k[block_id=0] 物理偏移: 0 bytes
      v[block_id=0] 物理偏移: 1048576 bytes
    buffer[15] → 层'model.layers.30.self_attn':
      k_cache: shape=(392, 256, 8, 256), dtype=torch.float16, stride=(1048576, 2048, 256, 1)
      v_cache: shape=(392, 256, 8, 256), dtype=torch.float16, stride=(1048576, 2048, 256, 1)
      k[block_id=0] 物理偏移: 0 bytes
      v[block_id=0] 物理偏移: 1048576 bytes
    buffer[16] → 层'model.layers.32.self_attn':
      k_cache: shape=(392, 256, 8, 256), dtype=torch.float16, stride=(1048576, 2048, 256, 1)
      v_cache: shape=(392, 256, 8, 256), dtype=torch.float16, stride=(1048576, 2048, 256, 1)
      k[block_id=0] 物理偏移: 0 bytes
      v[block_id=0] 物理偏移: 1048576 bytes
    buffer[17] → 层'model.layers.34.self_attn':
      k_cache: shape=(392, 256, 8, 256), dtype=torch.float16, stride=(1048576, 2048, 256, 1)
      v_cache: shape=(392, 256, 8, 256), dtype=torch.float16, stride=(1048576, 2048, 256, 1)
      k[block_id=0] 物理偏移: 0 bytes
      v[block_id=0] 物理偏移: 1048576 bytes
    buffer[18] → 层'model.layers.36.self_attn':
      k_cache: shape=(392, 256, 8, 256), dtype=torch.float16, stride=(1048576, 2048, 256, 1)
      v_cache: shape=(392, 256, 8, 256), dtype=torch.float16, stride=(1048576, 2048, 256, 1)
      k[block_id=0] 物理偏移: 0 bytes
      v[block_id=0] 物理偏移: 1048576 bytes
    buffer[19] → 层'model.layers.38.self_attn':
      k_cache: shape=(392, 256, 8, 256), dtype=torch.float16, stride=(1048576, 2048, 256, 1)
      v_cache: shape=(392, 256, 8, 256), dtype=torch.float16, stride=(1048576, 2048, 256, 1)
      k[block_id=0] 物理偏移: 0 bytes
      v[block_id=0] 物理偏移: 1048576 bytes
    buffer[20] → 层'model.layers.40.self_attn':
      k_cache: shape=(392, 256, 8, 256), dtype=torch.float16, stride=(1048576, 2048, 256, 1)
      v_cache: shape=(392, 256, 8, 256), dtype=torch.float16, stride=(1048576, 2048, 256, 1)
      k[block_id=0] 物理偏移: 0 bytes
      v[block_id=0] 物理偏移: 1048576 bytes
07:45:35 [INFO] 
  layer_to_cache_info 映射表:
     层下标 | group_idx | buf_idx | 层名
  --------------------------------------------------
       0 |         1 |       0 | model.layers.0.self_attn
       1 |         0 |       0 | model.layers.1.self_attn
       2 |         1 |       1 | model.layers.2.self_attn
       3 |         0 |       1 | model.layers.3.self_attn
       4 |         1 |       2 | model.layers.4.self_attn
       5 |         0 |       2 | model.layers.5.self_attn
       6 |         1 |       3 | model.layers.6.self_attn
       7 |         0 |       3 | model.layers.7.self_attn
       8 |         1 |       4 | model.layers.8.self_attn
       9 |         0 |       4 | model.layers.9.self_attn
      10 |         1 |       5 | model.layers.10.self_attn
      11 |         0 |       5 | model.layers.11.self_attn
      12 |         1 |       6 | model.layers.12.self_attn
      13 |         0 |       6 | model.layers.13.self_attn
      14 |         1 |       7 | model.layers.14.self_attn
      15 |         0 |       7 | model.layers.15.self_attn
      16 |         1 |       8 | model.layers.16.self_attn
      17 |         0 |       8 | model.layers.17.self_attn
      18 |         1 |       9 | model.layers.18.self_attn
      19 |         0 |       9 | model.layers.19.self_attn
      20 |         1 |      10 | model.layers.20.self_attn
      21 |         0 |      10 | model.layers.21.self_attn
      22 |         1 |      11 | model.layers.22.self_attn
      23 |         0 |      11 | model.layers.23.self_attn
      24 |         1 |      12 | model.layers.24.self_attn
      25 |         0 |      12 | model.layers.25.self_attn
      26 |         1 |      13 | model.layers.26.self_attn
      27 |         0 |      13 | model.layers.27.self_attn
      28 |         1 |      14 | model.layers.28.self_attn
      29 |         0 |      14 | model.layers.29.self_attn
      30 |         1 |      15 | model.layers.30.self_attn
      31 |         0 |      15 | model.layers.31.self_attn
      32 |         1 |      16 | model.layers.32.self_attn
      33 |         0 |      16 | model.layers.33.self_attn
      34 |         1 |      17 | model.layers.34.self_attn
      35 |         0 |      17 | model.layers.35.self_attn
      36 |         1 |      18 | model.layers.36.self_attn
      37 |         0 |      18 | model.layers.37.self_attn
      38 |         1 |      19 | model.layers.38.self_attn
      39 |         0 |      19 | model.layers.39.self_attn
      40 |         1 |      20 | model.layers.40.self_attn
      41 |         0 |      20 | model.layers.41.self_attn
============================================================
